// Jest Snapshot v1, https://goo.gl/fbAQLP

exports[`<StudentTable/> handleGridSort() should sort the linkedlist of students correctly for direction 'ASC': firstNameASC 1`] = `
Array [
  Student {
    "firstName": "Anton",
    "id": 1,
    "lastName": "Meyer",
    "universityMajor": "Computer Science",
  },
  Student {
    "firstName": "George",
    "id": 3,
    "lastName": "Michael",
    "universityMajor": "History",
  },
  Student {
    "firstName": "Xerxes",
    "id": 2,
    "lastName": "Smith",
    "universityMajor": "Mathematics",
  },
]
`;

exports[`<StudentTable/> handleGridSort() should sort the linkedlist of students correctly for direction 'DESC': firstNameDESC 1`] = `
Array [
  Student {
    "firstName": "Xerxes",
    "id": 2,
    "lastName": "Smith",
    "universityMajor": "Mathematics",
  },
  Student {
    "firstName": "George",
    "id": 3,
    "lastName": "Michael",
    "universityMajor": "History",
  },
  Student {
    "firstName": "Anton",
    "id": 1,
    "lastName": "Meyer",
    "universityMajor": "Computer Science",
  },
]
`;

exports[`<StudentTable/> handleGridSort() should sort the linkedlist of students correctly for direction 'NONE': firstNameNONE 1`] = `
Array [
  Student {
    "firstName": "Anton",
    "id": 1,
    "lastName": "Meyer",
    "universityMajor": "Computer Science",
  },
  Student {
    "firstName": "Xerxes",
    "id": 2,
    "lastName": "Smith",
    "universityMajor": "Mathematics",
  },
  Student {
    "firstName": "George",
    "id": 3,
    "lastName": "Michael",
    "universityMajor": "History",
  },
]
`;

exports[`<StudentTable/> should render correctly 1`] = `
<div>
  <nav
    className="navbar navbar-dark bg-dark justify-content-between mb-3"
  >
    <div>
      <a
        className="navbar-brand"
        href="/"
        id="navbar-logo"
      >
        Linked List & Students
      </a>
      <span
        className="navbar-text"
      >
        Sam Bokai for Algorithms & Data Structures
      </span>
    </div>
    <form
      className="form-inline"
    >
      <div
        className="form-group"
      >
        <input
          className="form-control"
          defaultValue={50}
          max={100}
          min={1}
          size={4}
          type="number"
        />
        <button
          className="btn btn-primary ml-2"
          id="new-note-button"
          onClick={[Function]}
          type="button"
        >
          Generate Students
        </button>
      </div>
      <button
        className="btn btn-danger ml-2"
        id="delete-note-button"
        onClick={[Function]}
        type="button"
      >
        Clear Table
      </button>
    </form>
  </nav>
  <ReactDataGrid
    cellNavigationMode="none"
    columnEquality={[Function]}
    columns={
      Array [
        Object {
          "filterable": true,
          "key": "id",
          "name": "ID",
          "sortable": true,
          "width": 100,
        },
        Object {
          "filterable": true,
          "key": "firstName",
          "name": "First Name",
          "sortable": true,
        },
        Object {
          "filterable": true,
          "key": "lastName",
          "name": "Last Name",
          "sortable": true,
        },
        Object {
          "filterable": true,
          "key": "universityMajor",
          "name": "Major",
          "sortable": true,
        },
      ]
    }
    enableCellAutoFocus={true}
    enableCellSelect={false}
    enableRowSelect={false}
    getCellActions={[Function]}
    headerFiltersHeight={45}
    minColumnWidth={80}
    minHeight={600}
    onAddFilter={[Function]}
    onBeforeEdit={[Function]}
    onClearFilters={[Function]}
    onGridSort={[Function]}
    overScan={
      Object {
        "colsEnd": 5,
        "colsStart": 5,
        "rowsEnd": 5,
        "rowsStart": 5,
      }
    }
    rowGetter={[Function]}
    rowHeight={35}
    rowKey="id"
    rowScrollTimeout={0}
    rowsCount={50}
    scrollToRowIndex={0}
    tabIndex={-1}
    toolbar={
      <Toolbar
        addRowButtonText="Add Row"
        enableAddRow={true}
        enableFilter={true}
        filterRowsButtonText="Filter Rows"
      >
        <button
          className="btn ml-2"
          onClick={[Function]}
        >
          Prepend New Student
        </button>
        <button
          className="btn ml-2"
          onClick={[Function]}
        >
          Append New Student
        </button>
        <div
          className="d-inline-block ml-3"
          id="student-count"
        >
          Total Students: 
          50
        </div>
      </Toolbar>
    }
  />
</div>
`;
