// Jest Snapshot v1, https://goo.gl/fbAQLP

exports[`should render correctly 1`] = `
<div>
  <nav
    className="navbar navbar-dark bg-dark justify-content-between"
  >
    <a
      className="navbar-brand"
      href="/"
      id="navbar-logo"
    >
      Linked List & Students
    </a>
  </nav>
  <StudentTable
    randomStudentCount={50}
  />
</div>
`;
